// Jest Snapshot v1, https://goo.gl/fbAQLP

exports[`components atoms button renders correctly. 1`] = `
<button
  onClick={[Function]}
>
  Example
</button>
`;
